exports[`#render on error 1`] = `
<div
  className="Feed" />
`;

exports[`#render on success 1`] = `
<div
  className="Feed">
  <a
    href="https://placeholder.com/640"
    rel="noopener"
    target="_blank">
    <img
      alt="640x640px image from placeholder.com"
      src="https://via.placeholder.com/640" />
  </a>
</div>
`;
